---
layout:     post
title:      ""
subtitle:   ""
date:       2019-01-01
author:     "phantomVK"
header-img: "img/bg/post_bg.jpg"
catalog:    false
tags:
    - tags
---



https://support.apple.com/zh-cn/HT201372

https://support.apple.com/zh-cn/HT202796

https://support.apple.com/zh-cn/HT201314

https://post.smzdm.com/p/a783vk9g



```bash
brew upgrade smartmontools
```

```bash
sudo sysctl debug.lowpri_throttle_enabled=0
```

```
smartctl -a /dev/disk0
```



```bash
smartctl 7.1 2019-12-30 r5022 [Darwin 19.6.0 x86_64] (local build)
Copyright (C) 2002-19, Bruce Allen, Christian Franke, www.smartmontools.org

=== START OF INFORMATION SECTION ===
Model Family:     Apple SD/SM/TS...E/F/G SSDs
Device Model:     APPLE SSD SD0128F
Serial Number:    
LU WWN Device Id: 
Firmware Version: A222821
User Capacity:    121,332,826,112 bytes [121 GB]
Sector Sizes:     512 bytes logical, 4096 bytes physical
Rotation Rate:    Solid State Device
Form Factor:      3.5 inches
Device is:        In smartctl database [for details use: -P show]
ATA Version is:   ATA8-ACS T13/1699-D revision 6
SATA Version is:  SATA 3.0, 6.0 Gb/s (current: 6.0 Gb/s)
Local Time is:    Wed Sep  9 17:23:09 2020 CST
SMART support is: Available - device has SMART capability.
SMART support is: Enabled

=== START OF READ SMART DATA SECTION ===
SMART overall-health self-assessment test result: PASSED

General SMART Values:
Offline data collection status:  (0x00)	Offline data collection activity
					was never started.
					Auto Offline Data Collection: Disabled.
Total time to complete Offline
data collection: 		(    0) seconds.
Offline data collection
capabilities: 			 (0x00) 	Offline data collection not supported.
SMART capabilities:            (0x0003)	Saves SMART data before entering
					power-saving mode.
					Supports SMART auto save timer.
Error logging capability:        (0x01)	Error logging supported.
					General Purpose Logging supported.

SMART Attributes Data Structure revision number: 40
Vendor Specific SMART Attributes with Thresholds:
ID# ATTRIBUTE_NAME          FLAG     VALUE WORST THRESH TYPE      UPDATED  WHEN_FAILED RAW_VALUE
  1 Raw_Read_Error_Rate     0x000f   100   100   000    Pre-fail  Always       -       0
  5 Reallocated_Sector_Ct   0x000f   100   100   000    Pre-fail  Always       -       0
  9 Power_On_Hours          0x0032   100   100   000    Old_age   Always       -       790
 12 Power_Cycle_Count       0x0032   100   100   000    Old_age   Always       -       8775
169 Unknown_Apple_Attrib    0x0022   100   100   010    Old_age   Always       -       790448047840
173 Wear_Leveling_Count     0x0022   192   192   100    Old_age   Always       -       214764683410
174 Host_Reads_MiB          0x0030   100   100   000    Old_age   Offline      -       14354459
175 Host_Writes_MiB         0x0030   100   100   000    Old_age   Offline      -       12859937
192 Power-Off_Retract_Count 0x0032   100   100   000    Old_age   Always       -       74
194 Temperature_Celsius     0x0022   031   031   000    Old_age   Always       -       69 (Min/Max 21/83)
197 Current_Pending_Sector  0x0032   000   000   000    Old_age   Always       -       0
199 UDMA_CRC_Error_Count    0x003e   100   100   000    Old_age   Always       -       0
244 Unknown_Attribute       0x0002   000   000   000    Old_age   Always       -       0
```

